manual installation:
TwUuid:525b0b9b-5bf1-4fd6-bc7e-f33736f95f4f

a@DESKTOP-2FVV54T:~$ yes | sudo apt update
[sudo] password for a:
Get:1 http://security.ubuntu.com/ubuntu xenial-security InRelease [109 kB]
Hit:2 http://archive.ubuntu.com/ubuntu xenial InRelease
Get:3 http://archive.ubuntu.com/ubuntu xenial-updates InRelease [109 kB]
Get:4 http://archive.ubuntu.com/ubuntu xenial-backports InRelease [107 kB]
Get:5 http://archive.ubuntu.com/ubuntu xenial/universe amd64 Packages [7,532 kB]
Get:6 http://security.ubuntu.com/ubuntu xenial-security/main amd64 Packages [638 kB]
Get:7 http://security.ubuntu.com/ubuntu xenial-security/main Translation-en [261 kB]
Get:8 http://security.ubuntu.com/ubuntu xenial-security/universe amd64 Packages [433 kB]
Get:9 http://security.ubuntu.com/ubuntu xenial-security/universe Translation-en [175 kB]
Get:10 http://security.ubuntu.com/ubuntu xenial-security/multiverse amd64 Packages [5,604 B]
Get:11 http://security.ubuntu.com/ubuntu xenial-security/multiverse Translation-en [2,676 B]
Get:12 http://archive.ubuntu.com/ubuntu xenial/universe Translation-en [4,354 kB]
Get:13 http://archive.ubuntu.com/ubuntu xenial/multiverse amd64 Packages [144 kB]
Get:14 http://archive.ubuntu.com/ubuntu xenial/multiverse Translation-en [106 kB]
Get:15 http://archive.ubuntu.com/ubuntu xenial-updates/main amd64 Packages [937 kB]
Get:16 http://archive.ubuntu.com/ubuntu xenial-updates/main Translation-en [376 kB]
Get:17 http://archive.ubuntu.com/ubuntu xenial-updates/restricted amd64 Packages [7,616 B]
Get:18 http://archive.ubuntu.com/ubuntu xenial-updates/restricted Translation-en [2,272 B]
Get:19 http://archive.ubuntu.com/ubuntu xenial-updates/universe amd64 Packages [746 kB]
Get:20 http://archive.ubuntu.com/ubuntu xenial-updates/universe Translation-en [310 kB]
Get:21 http://archive.ubuntu.com/ubuntu xenial-updates/multiverse amd64 Packages [16.7 kB]
Get:22 http://archive.ubuntu.com/ubuntu xenial-updates/multiverse Translation-en [8,440 B]
Get:23 http://archive.ubuntu.com/ubuntu xenial-backports/main amd64 Packages [7,280 B]
Get:24 http://archive.ubuntu.com/ubuntu xenial-backports/main Translation-en [4,456 B]
Get:25 http://archive.ubuntu.com/ubuntu xenial-backports/universe amd64 Packages [7,804 B]
Get:26 http://archive.ubuntu.com/ubuntu xenial-backports/universe Translation-en [4,184 B]
Fetched 16.4 MB in 40s (401 kB/s)
Reading package lists... Done
Building dependency tree
Reading state information... Done
112 packages can be upgraded. Run 'apt list --upgradable' to see them.
a@DESKTOP-2FVV54T:~$ yes | sudo apt install default-jre
[sudo] password for a:
Reading package lists... Done
Building dependency tree
Reading state information... Done
The following additional packages will be installed:
  ca-certificates-java default-jre-headless fontconfig fontconfig-config fonts-dejavu-core
  fonts-dejavu-extra hicolor-icon-theme java-common libasound2 libasound2-data libasyncns0
  libatk1.0-0 libatk1.0-data libavahi-client3 libavahi-common-data libavahi-common3 libcairo2
  libcups2 libdatrie1 libdrm-amdgpu1 libdrm-intel1 libdrm-nouveau2 libdrm-radeon1 libflac8
  libfontconfig1 libgdk-pixbuf2.0-0 libgdk-pixbuf2.0-common libgif7 libgl1-mesa-dri
  libgl1-mesa-glx libglapi-mesa libgraphite2-3 libgtk2.0-0 libgtk2.0-bin libgtk2.0-common
  libharfbuzz0b libjbig0 libjpeg-turbo8 libjpeg8 liblcms2-2 libllvm6.0 libnspr4 libnss3
  libnss3-nssdb libogg0 libpango-1.0-0 libpangocairo-1.0-0 libpangoft2-1.0-0 libpciaccess0
  libpcsclite1 libpixman-1-0 libpulse0 libsensors4 libsndfile1 libthai-data libthai0 libtiff5
  libtxc-dxtn-s2tc0 libvorbis0a libvorbisenc2 libx11-xcb1 libxcb-dri2-0 libxcb-dri3-0
  libxcb-glx0 libxcb-present0 libxcb-render0 libxcb-shm0 libxcb-sync1 libxcomposite1
  libxcursor1 libxdamage1 libxfixes3 libxi6 libxinerama1 libxrandr2 libxrender1 libxshmfence1
  libxtst6 libxxf86vm1 openjdk-8-jre openjdk-8-jre-headless x11-common
Suggested packages:
  default-java-plugin libasound2-plugins alsa-utils cups-common librsvg2-common gvfs
  liblcms2-utils pcscd pulseaudio lm-sensors icedtea-8-plugin libnss-mdns fonts-ipafont-gothic
  fonts-ipafont-mincho fonts-wqy-microhei fonts-wqy-zenhei fonts-indic
The following NEW packages will be installed:
  ca-certificates-java default-jre default-jre-headless fontconfig fontconfig-config
  fonts-dejavu-core fonts-dejavu-extra hicolor-icon-theme java-common libasound2
  libasound2-data libasyncns0 libatk1.0-0 libatk1.0-data libavahi-client3 libavahi-common-data
  libavahi-common3 libcairo2 libcups2 libdatrie1 libdrm-amdgpu1 libdrm-intel1 libdrm-nouveau2
  libdrm-radeon1 libflac8 libfontconfig1 libgdk-pixbuf2.0-0 libgdk-pixbuf2.0-common libgif7
  libgl1-mesa-dri libgl1-mesa-glx libglapi-mesa libgraphite2-3 libgtk2.0-0 libgtk2.0-bin
  libgtk2.0-common libharfbuzz0b libjbig0 libjpeg-turbo8 libjpeg8 liblcms2-2 libllvm6.0
  libnspr4 libnss3 libnss3-nssdb libogg0 libpango-1.0-0 libpangocairo-1.0-0 libpangoft2-1.0-0
  libpciaccess0 libpcsclite1 libpixman-1-0 libpulse0 libsensors4 libsndfile1 libthai-data
  libthai0 libtiff5 libtxc-dxtn-s2tc0 libvorbis0a libvorbisenc2 libx11-xcb1 libxcb-dri2-0
  libxcb-dri3-0 libxcb-glx0 libxcb-present0 libxcb-render0 libxcb-shm0 libxcb-sync1
  libxcomposite1 libxcursor1 libxdamage1 libxfixes3 libxi6 libxinerama1 libxrandr2 libxrender1
  libxshmfence1 libxtst6 libxxf86vm1 openjdk-8-jre openjdk-8-jre-headless x11-common
0 upgraded, 83 newly installed, 0 to remove and 112 not upgraded.
Need to get 58.0 MB of archives.
After this operation, 341 MB of additional disk space will be used.
Get:1 http://archive.ubuntu.com/ubuntu xenial/main amd64 fonts-dejavu-core all 2.35-1 [1,039 kB]
Get:2 http://archive.ubuntu.com/ubuntu xenial-updates/main amd64 fontconfig-config all 2.11.94-0ubuntu1.1 [49.9 kB]
Get:3 http://archive.ubuntu.com/ubuntu xenial-updates/main amd64 libfontconfig1 amd64 2.11.94-0ubuntu1.1 [131 kB]
Get:4 http://archive.ubuntu.com/ubuntu xenial-updates/main amd64 fontconfig amd64 2.11.94-0ubuntu1.1 [178 kB]
Get:5 http://archive.ubuntu.com/ubuntu xenial/main amd64 libasyncns0 amd64 0.8-5build1 [12.3 kB]
Get:6 http://archive.ubuntu.com/ubuntu xenial-updates/main amd64 libjpeg-turbo8 amd64 1.4.2-0ubuntu3.1 [111 kB]
Get:7 http://archive.ubuntu.com/ubuntu xenial/main amd64 libogg0 amd64 1.3.2-1 [17.2 kB]
Get:8 http://archive.ubuntu.com/ubuntu xenial/main amd64 libxcomposite1 amd64 1:0.4.4-1 [7,714 B]
Get:9 http://archive.ubuntu.com/ubuntu xenial/main amd64 libxdamage1 amd64 1:1.1.4-2 [6,946 B]
Get:10 http://archive.ubuntu.com/ubuntu xenial/main amd64 libxfixes3 amd64 1:5.0.1-2 [11.1 kB]
Get:11 http://archive.ubuntu.com/ubuntu xenial/main amd64 libxinerama1 amd64 2:1.1.3-1 [7,908 B]
Get:12 http://archive.ubuntu.com/ubuntu xenial/main amd64 libxshmfence1 amd64 1.2-1 [5,042 B]
Get:13 http://archive.ubuntu.com/ubuntu xenial-updates/main amd64 x11-common all 1:7.7+13ubuntu3.1 [22.9 kB]
Get:14 http://archive.ubuntu.com/ubuntu xenial/main amd64 libxtst6 amd64 2:1.2.2-1 [14.1 kB]
Get:15 http://archive.ubuntu.com/ubuntu xenial/main amd64 libxxf86vm1 amd64 1:1.1.4-1 [10.6 kB]
Get:16 http://archive.ubuntu.com/ubuntu xenial/main amd64 libjbig0 amd64 2.1-3.1 [26.6 kB]
Get:17 http://archive.ubuntu.com/ubuntu xenial/main amd64 libtxc-dxtn-s2tc0 amd64 0~git20131104-1.1 [51.8 kB]
Get:18 http://archive.ubuntu.com/ubuntu xenial/main amd64 java-common all 0.56ubuntu2 [7,742 B]
Get:19 http://archive.ubuntu.com/ubuntu xenial-updates/main amd64 libavahi-common-data amd64 0.6.32~rc+dfsg-1ubuntu2.3 [21.5 kB]
Get:20 http://archive.ubuntu.com/ubuntu xenial-updates/main amd64 libavahi-common3 amd64 0.6.32~rc+dfsg-1ubuntu2.3 [21.7 kB]
Get:21 http://archive.ubuntu.com/ubuntu xenial-updates/main amd64 libavahi-client3 amd64 0.6.32~rc+dfsg-1ubuntu2.3 [25.3 kB]
Get:22 http://archive.ubuntu.com/ubuntu xenial-updates/main amd64 libcups2 amd64 2.1.3-4ubuntu0.7 [197 kB]
Get:23 http://archive.ubuntu.com/ubuntu xenial-updates/main amd64 liblcms2-2 amd64 2.6-3ubuntu2.1 [136 kB]
Get:24 http://archive.ubuntu.com/ubuntu xenial/main amd64 libjpeg8 amd64 8c-2ubuntu8 [2,194 B]
Get:25 http://archive.ubuntu.com/ubuntu xenial-updates/main amd64 libnspr4 amd64 2:4.13.1-0ubuntu0.16.04.1 [112 kB]
Get:26 http://archive.ubuntu.com/ubuntu xenial-updates/main amd64 libnss3-nssdb all 2:3.28.4-0ubuntu0.16.04.5 [10.6 kB]
Get:27 http://archive.ubuntu.com/ubuntu xenial-updates/main amd64 libnss3 amd64 2:3.28.4-0ubuntu0.16.04.5 [1,148 kB]
Get:28 http://archive.ubuntu.com/ubuntu xenial-updates/main amd64 libpcsclite1 amd64 1.8.14-1ubuntu1.16.04.1 [21.4 kB]
Get:29 http://archive.ubuntu.com/ubuntu xenial/main amd64 libxi6 amd64 2:1.7.6-1 [28.6 kB]
Get:30 http://archive.ubuntu.com/ubuntu xenial/main amd64 libxrender1 amd64 1:0.9.9-0ubuntu1 [18.5 kB]
Get:31 http://archive.ubuntu.com/ubuntu xenial-updates/main amd64 openjdk-8-jre-headless amd64 8u191-b12-2ubuntu0.16.04.1 [27.0 MB]
Get:32 http://archive.ubuntu.com/ubuntu xenial/main amd64 default-jre-headless amd64 2:1.8-56ubuntu2 [4,380 B]
Get:33 http://archive.ubuntu.com/ubuntu xenial-updates/main amd64 ca-certificates-java all 20160321ubuntu1 [12.5 kB]
Get:34 http://archive.ubuntu.com/ubuntu xenial/main amd64 libxrandr2 amd64 2:1.5.0-1 [17.6 kB]
Get:35 http://archive.ubuntu.com/ubuntu xenial-updates/main amd64 libglapi-mesa amd64 18.0.5-0ubuntu0~16.04.1 [23.4 kB]
Get:36 http://archive.ubuntu.com/ubuntu xenial-updates/main amd64 libx11-xcb1 amd64 2:1.6.3-1ubuntu2.1 [9,044 B]
Get:37 http://archive.ubuntu.com/ubuntu xenial/main amd64 libxcb-dri2-0 amd64 1.11.1-1ubuntu1 [6,882 B]
Get:38 http://archive.ubuntu.com/ubuntu xenial/main amd64 libxcb-dri3-0 amd64 1.11.1-1ubuntu1 [5,218 B]
Get:39 http://archive.ubuntu.com/ubuntu xenial/main amd64 libxcb-glx0 amd64 1.11.1-1ubuntu1 [20.9 kB]
Get:40 http://archive.ubuntu.com/ubuntu xenial/main amd64 libxcb-present0 amd64 1.11.1-1ubuntu1 [5,218 B]
Get:41 http://archive.ubuntu.com/ubuntu xenial/main amd64 libxcb-sync1 amd64 1.11.1-1ubuntu1 [8,324 B]
Get:42 http://archive.ubuntu.com/ubuntu xenial-updates/main amd64 libdrm-amdgpu1 amd64 2.4.91-2~16.04.1 [18.9 kB]
Get:43 http://archive.ubuntu.com/ubuntu xenial/main amd64 libpciaccess0 amd64 0.13.4-1 [18.1 kB]
Get:44 http://archive.ubuntu.com/ubuntu xenial-updates/main amd64 libdrm-intel1 amd64 2.4.91-2~16.04.1 [59.9 kB]
Adding debian:SwissSign_Gold_CA_-_G2.pem
Adding debian:SwissSign_Silver_CA_-_G2.pem
Adding debian:Swisscom_Root_CA_1.pem
Adding debian:Swisscom_Root_CA_2.pem
Adding debian:Swisscom_Root_EV_CA_2.pem
Adding debian:T-TeleSec_GlobalRoot_Class_2.pem
Adding debian:T-TeleSec_GlobalRoot_Class_3.pem
Adding debian:TUBITAK_Kamu_SM_SSL_Kok_Sertifikasi_-_Surum_1.pem
Adding debian:TURKTRUST_Certificate_Services_Provider_Root_2007.pem
Adding debian:TWCA_Global_Root_CA.pem
Adding debian:TWCA_Root_Certification_Authority.pem
Adding debian:Taiwan_GRCA.pem
Adding debian:TeliaSonera_Root_CA_v1.pem
Adding debian:Trustis_FPS_Root_CA.pem
Adding debian:TÜBİTAK_UEKAE_Kök_Sertifika_Hizmet_Sağlayıcısı_-_Sürüm_3.pem
Adding debian:TÜRKTRUST_Elektronik_Sertifika_Hizmet_Sağlayıcısı_H5.pem
Adding debian:USERTrust_ECC_Certification_Authority.pem
Adding debian:thawte_Primary_Root_CA_-_G2.pem
Adding debian:thawte_Primary_Root_CA_-_G3.pem
done.
Setting up openjdk-8-jre-headless:amd64 (8u191-b12-2ubuntu0.16.04.1) ...
update-alternatives: using /usr/lib/jvm/java-8-openjdk-amd64/jre/bin/rmid to provide /usr/bin/rmi
d (rmid) in auto mode
update-alternatives: using /usr/lib/jvm/java-8-openjdk-amd64/jre/bin/java to provide /usr/bin/jav
a (java) in auto mode
update-alternatives: using /usr/lib/jvm/java-8-openjdk-amd64/jre/bin/keytool to provide /usr/bin/
keytool (keytool) in auto mode
update-alternatives: using /usr/lib/jvm/java-8-openjdk-amd64/jre/bin/jjs to provide /usr/bin/jjs
(jjs) in auto mode
update-alternatives: using /usr/lib/jvm/java-8-openjdk-amd64/jre/bin/pack200 to provide /usr/bin/
pack200 (pack200) in auto mode
update-alternatives: using /usr/lib/jvm/java-8-openjdk-amd64/jre/bin/rmiregistry to provide /usr/
bin/rmiregistry (rmiregistry) in auto mode
update-alternatives: using /usr/lib/jvm/java-8-openjdk-amd64/jre/bin/unpack200 to provide /usr/bi
done.
done.
a@DESKTOP-2FVV54T:~$ sudo apt install task
[sudo] password for a:
Reading package lists... Done
Building dependency tree
Reading state information... Done
The following additional packages will be installed:
  taskwarrior
The following NEW packages will be installed:
  task taskwarrior
0 upgraded, 2 newly installed, 0 to remove and 112 not upgraded.
Need to get 626 kB of archives.
After this operation, 2,206 kB of additional disk space will be used.
Do you want to continue? [Y/n] y
Get:1 http://archive.ubuntu.com/ubuntu xenial/universe amd64 taskwarrior amd64 2.5.0+dfsg-1build1
 [618 kB]
Get:2 http://archive.ubuntu.com/ubuntu xenial/universe amd64 task amd64 2.5.0+dfsg-1build1 [8,196
 B]
Fetched 626 kB in 0s (1,295 kB/s)
Selecting previously unselected package taskwarrior.
(Reading database ... 27186 files and directories currently installed.)
Preparing to unpack .../taskwarrior_2.5.0+dfsg-1build1_amd64.deb ...
Unpacking taskwarrior (2.5.0+dfsg-1build1) ...
Selecting previously unselected package task.
Preparing to unpack .../task_2.5.0+dfsg-1build1_amd64.deb ...
Unpacking task (2.5.0+dfsg-1build1) ...
Processing triggers for man-db (2.7.5-1) ...
Setting up taskwarrior (2.5.0+dfsg-1build1) ...
Setting up task (2.5.0+dfsg-1build1) ...
a@DESKTOP-2FVV54T:~$ sudo apt install taskd
Reading package lists... Done
Building dependency tree
Reading state information... Done
The following additional packages will be installed:
  gnutls-bin libopts25
The following NEW packages will be installed:
  gnutls-bin libopts25 taskd
0 upgraded, 3 newly installed, 0 to remove and 112 not upgraded.
Need to get 421 kB of archives.
After this operation, 1,578 kB of additional disk space will be used.
Do you want to continue? [Y/n] y
Get:1 http://archive.ubuntu.com/ubuntu xenial/main amd64 libopts25 amd64 1:5.18.7-3 [57.8 kB]
Get:2 http://archive.ubuntu.com/ubuntu xenial-updates/universe amd64 gnutls-bin amd64 3.4.10-4ubu
ntu1.4 [192 kB]
Get:3 http://archive.ubuntu.com/ubuntu xenial/universe amd64 taskd amd64 1.1.0+dfsg-2build1 [171
kB]
Fetched 421 kB in 0s (1,360 kB/s)
Selecting previously unselected package libopts25:amd64.
(Reading database ... 27280 files and directories currently installed.)
Preparing to unpack .../libopts25_1%3a5.18.7-3_amd64.deb ...
Unpacking libopts25:amd64 (1:5.18.7-3) ...
Selecting previously unselected package gnutls-bin.
Preparing to unpack .../gnutls-bin_3.4.10-4ubuntu1.4_amd64.deb ...
Unpacking gnutls-bin (3.4.10-4ubuntu1.4) ...
Selecting previously unselected package taskd.
Preparing to unpack .../taskd_1.1.0+dfsg-2build1_amd64.deb ...
Unpacking taskd (1.1.0+dfsg-2build1) ...
Processing triggers for libc-bin (2.23-0ubuntu10) ...
Processing triggers for man-db (2.7.5-1) ...
Processing triggers for systemd (229-4ubuntu21.4) ...
Processing triggers for ureadahead (0.100.0-19) ...
Setting up libopts25:amd64 (1:5.18.7-3) ...
Setting up gnutls-bin (3.4.10-4ubuntu1.4) ...
Setting up taskd (1.1.0+dfsg-2build1) ...
invoke-rc.d: could not determine current runlevel
Processing triggers for libc-bin (2.23-0ubuntu10) ...
Processing triggers for systemd (229-4ubuntu21.4) ...
Processing triggers for ureadahead (0.100.0-19) ...
a@DESKTOP-2FVV54T:~$ export TASKDDATA=/var/taskd
a@DESKTOP-2FVV54T:~$ export TASKDDATA=/var/taskd
a@DESKTOP-2FVV54T:~$ echo TASKDDATA
TASKDDATA
a@DESKTOP-2FVV54T:~$ echo $TASKDDATA
/var/taskd
a@DESKTOP-2FVV54T:~$ cd ..
a@DESKTOP-2FVV54T:/home$ cd a
a@DESKTOP-2FVV54T:~$ sudo mkdir -p $TASKDDATA
a@DESKTOP-2FVV54T:~$ sudo taskd init --data $TASKDDATA
You must specify the 'server' variable before attempting a server start, for example:
  taskd config server localhost:53589

Created /var/taskd/config
a@DESKTOP-2FVV54T:~$ cd /usr/share/taskd/pki
a@DESKTOP-2FVV54T:/usr/share/taskd/pki$ sudo nano vars
a@DESKTOP-2FVV54T:/usr/share/taskd/pki$ sudo /usr/share/taskd/pki/generate
** Note: You may use '--sec-param High' instead of '--bits 4096'
Generating a 4096 bit RSA private key...
Generating a self signed certificate...
X.509 Certificate Information:
        Version: 3
        Serial Number (hex): 5cb4b2e038c61370b61f0cf6
        Validity:
                Not Before: Mon Apr 15 16:35:44 UTC 2019
                Not After: Tue Apr 14 16:35:44 UTC 2020
        Subject: CN=0.0.0.0:53589,O=Göteborg Bit Factory,L=Göteborg,ST=Västra Götaland,C=SE
        Subject Public Key Algorithm: RSA
        Algorithm Security Level: High (4096 bits)
                Modulus (bits 4096):
                        00:d1:e0:49:85:3b:08:d7:d1:4a:ac:96:4f:17:0f:d8
                        f9:d1:e2:ee:d6:a5:db:9d:ff:44:16:6c:e8:e9:17:68
                        fe:57:da:8b:65:a5:4e:f0:7e:f3:e4:34:00:43:19:ef
                        ef:d7:fd:44:38:46:cc:07:9c:09:a0:52:4f:09:76:2f
                        f4:01:19:29:0b:a0:0c:e5:04:cb:7c:0f:4b:d8:7d:ba
                        69:20:8a:78:85:a3:3a:63:68:86:30:ec:5e:d3:8b:cf
                        9f:9f:80:0c:64:0a:a4:2f:bf:a6:22:24:eb:6f:28:fc
                        5c:1c:7f:a7:04:c3:a3:05:6a:77:2e:4d:f0:3d:e2:ef
                        11:f7:48:d2:11:98:0c:f8:a3:b2:69:25:17:be:57:55
                        ff:0e:10:7f:66:ec:1a:04:13:80:a0:d1:fb:6d:36:a3
                        c2:30:30:a9:98:0b:1e:c3:e4:4e:37:5e:e8:70:02:01
                        14:f8:2b:c7:04:fe:28:74:1e:1f:30:d9:60:60:8a:4f
                        56:5e:a0:7e:8a:fd:a9:4d:f2:4c:9b:d7:ec:1b:1d:06
                        77:e6:9b:68:24:9a:69:a5:1c:50:38:73:72:ee:fe:bd
                        67:01:1b:d3:25:a4:77:bd:6b:9d:86:1e:6c:0d:58:6d
                        97:13:96:e4:04:76:95:e6:52:5c:24:10:24:f1:9d:da
                        91:4f:c2:48:be:39:9e:27:1e:57:1c:63:f3:49:61:07
                        55:be:f1:cb:63:f6:c4:f3:77:e0:c7:7d:66:b5:eb:50
                        0b:b7:57:b4:4d:fd:fd:a3:db:97:8a:34:04:a2:ec:4b
                        cd:43:fb:08:d5:12:49:69:00:9a:b6:a6:9c:93:a7:a8
                        96:86:86:f8:80:97:7f:a5:2b:d6:91:98:28:64:29:35
                        48:83:9e:12:4e:a9:11:cb:c9:42:3f:16:77:fa:ae:d6
                        48:ef:94:a9:14:00:33:5d:24:1e:90:a3:d5:97:f6:05
                        d4:27:9e:52:d9:82:ca:a1:ad:ab:2c:63:4b:fc:a7:a3
                        6c:1a:fe:1c:31:86:d3:a3:79:e7:be:5c:76:ab:d6:bd
                        6c:d6:95:ce:f9:b4:0a:11:94:54:69:41:0c:49:8e:7f
                        b3:62:37:09:85:67:c0:cd:f1:3a:21:8c:95:d2:a1:88
                        0d:3d:8b:8f:43:8f:5e:da:da:06:33:9e:e0:74:06:32
                        ea:26:bb:93:4d:f1:6b:e3:b2:ba:7c:da:86:51:f6:ac
                        b5:ff:ad:54:50:c0:3d:fb:29:1e:94:5c:cc:dc:24:e2
                        59:1c:60:dc:81:8d:98:bf:ee:af:5b:01:fe:55:2a:65
                        76:69:4d:7a:02:30:3a:49:ec:2d:29:c1:63:e8:c4:59
                        db
                Exponent (bits 24):
                        01:00:01
        Extensions:
                Basic Constraints (critical):
                        Certificate Authority (CA): TRUE
                Key Usage (critical):
                        Certificate signing.
                Subject Key Identifier (not critical):
                        ea850da65309f171879dfefedba6e6a5584ed7aa
Other Information:
        Public Key ID:
                ea850da65309f171879dfefedba6e6a5584ed7aa
        Public key's random art:
                +--[ RSA 4096]----+
                |    . . .o..     |
                |     o o..o      |
                |    . .  .       |
                |     . .  .      |
                |      = S  .     |
                |     + =    .   .|
                |    o o o  .  o +|
                |     o .    .=.*.|
                |      .     E=O+.|
                +-----------------+



Signing certificate...
** Note: You may use '--sec-param High' instead of '--bits 4096'
Generating a 4096 bit RSA private key...
Generating a signed certificate...

Expiration time: Tue Apr 14 18:35:46 2020
CA expiration time: Tue Apr 14 18:35:44 2020
Warning: The time set exceeds the CA's expiration time
X.509 Certificate Information:
        Version: 3
        Serial Number (hex): 5cb4b2e22f514abc95a1a909
        Validity:
                Not Before: Mon Apr 15 16:35:46 UTC 2019
                Not After: Tue Apr 14 16:35:46 UTC 2020
        Subject: CN=0.0.0.0:53589,O=Göteborg Bit Factory
        Subject Public Key Algorithm: RSA
        Algorithm Security Level: High (4096 bits)
                Modulus (bits 4096):
                        00:bc:4b:d2:24:f0:1c:48:d5:15:29:9e:9c:00:16:96
                        d6:30:5c:25:5e:19:41:26:03:a5:73:53:d2:4e:70:26
                        02:1d:e8:18:90:4d:e1:13:c3:c5:aa:a6:0d:26:1d:00
                        39:04:0b:7c:e6:50:21:81:66:ab:43:f4:c3:89:65:95
                        80:47:4a:d2:ed:50:aa:c2:2b:37:93:ba:34:05:4d:95
                        e7:3e:26:c1:7f:fe:77:3d:7d:e6:7a:23:61:b1:c8:a1
                        50:9b:6d:a8:83:9c:7a:6e:17:19:79:21:45:18:8e:7e
                        2d:68:5c:71:4a:30:cf:14:32:60:55:0f:22:23:5d:a9
                        e4:a2:47:d3:59:74:11:dd:ae:dd:82:4c:a9:2d:12:d0
                        ae:14:cc:54:ea:1f:55:24:a9:33:67:f9:40:5d:a0:59
                        25:12:c4:f8:e3:95:36:a4:ee:33:4b:6c:6c:0c:98:05
                        24:11:2e:38:08:d9:9f:8d:cb:12:a9:9d:a7:69:00:bc
                        fa:1c:0f:5b:f2:f4:3f:8d:71:e1:fc:db:ec:97:04:b0
                        2b:d3:5f:06:f7:bf:4d:d3:e5:50:af:2c:8a:d0:1f:b7
                        2c:b7:52:4c:19:52:60:ae:23:a9:8b:7c:72:da:c7:cb
                        9a:ea:7c:dc:d3:6d:66:8d:b1:c6:7f:da:5c:53:7c:34
                        56:8d:55:cf:ae:d1:01:d8:9b:e3:09:63:0e:54:f3:ed
                        96:3b:80:fd:07:4e:b2:34:86:f0:83:62:67:f9:9b:cd
                        8f:68:81:cb:d5:58:9f:b7:b8:69:d1:2e:e6:61:89:88
                        41:94:d2:57:73:c9:ab:fb:a6:a6:c5:ef:b8:ce:db:dd
                        f6:bc:bc:b6:69:e2:49:a5:a9:ad:3f:36:5b:4e:75:67
                        1c:78:83:0c:49:46:f5:83:63:0f:cf:bd:70:6e:80:0d
                        f5:bb:0a:64:3d:17:3a:c2:be:59:50:26:1c:04:04:13
                        96:21:60:36:6d:72:27:8e:54:cd:f6:d7:2b:4f:0f:03
                        cb:69:8a:aa:8e:94:44:08:f6:35:17:d0:b8:76:01:7a
                        ad:87:9c:0e:0a:11:d1:19:c5:2a:7d:97:64:f2:39:8c
                        e7:74:5a:2f:1f:00:4e:8f:80:60:d1:df:45:88:31:e6
                        09:8b:fa:bc:a2:17:fe:d7:42:60:58:de:9e:e4:f5:59
                        a1:3e:f0:88:57:ab:6b:7b:72:2c:d1:cc:0c:a1:5f:a7
                        5f:16:d9:c3:91:26:cd:27:83:42:51:17:76:dd:98:6d
                        3c:09:2b:4f:ae:f6:77:fd:95:f3:8a:9e:d6:4f:ef:6d
                        91:36:a6:82:a0:56:56:59:06:d6:95:be:80:50:98:81
                        19
                Exponent (bits 24):
                        01:00:01
        Extensions:
                Basic Constraints (critical):
                        Certificate Authority (CA): FALSE
                Key Purpose (not critical):
                        TLS WWW Server.
                Key Usage (critical):
                        Digital signature.
                        Key encipherment.
                Subject Key Identifier (not critical):
                        91a12ed08c3d76e529d1bdd38a6112751a022753
                Authority Key Identifier (not critical):
                        ea850da65309f171879dfefedba6e6a5584ed7aa
Other Information:
        Public Key ID:
                91a12ed08c3d76e529d1bdd38a6112751a022753
        Public key's random art:
                +--[ RSA 4096]----+
                |    +oEo=..      |
                |   = +.*.B.      |
                |  o * +.*  o     |
                |   o +..o.o .    |
                |    . .oSo o     |
                |     .  . .      |
                |                 |
                |                 |
                |                 |
                +-----------------+



Signing certificate...
Generating a signed CRL...
Update times.

X.509 Certificate Revocation List Information:
        Version: 2
        Issuer: CN=0.0.0.0:53589,O=Göteborg Bit Factory,L=Göteborg,ST=Västra Götaland,C=SE
        Update dates:
                Issued: Mon Apr 15 16:35:47 UTC 2019
                Next at: Tue Apr 14 16:35:47 UTC 2020
        Extensions:
                Authority Key Identifier (not critical):
                        ea850da65309f171879dfefedba6e6a5584ed7aa
                CRL Number (not critical): 5cb4b2e303073bc42a2eb044
        No revoked certificates.
        Signature Algorithm: RSA-SHA256
        Signature:
                14:95:4a:47:2b:f3:36:c4:8f:2b:2b:a2:30:bf:2c:af
                2d:61:3f:93:84:3f:32:7e:cf:c7:f6:a7:f3:95:75:64
                8f:e9:1f:23:93:81:b8:36:0a:25:c5:e6:55:53:b3:49
                39:35:da:60:20:17:76:c2:84:a2:a5:9b:6c:e8:3d:4f
                f7:8b:3e:5d:8b:fd:79:7c:66:45:7a:a2:05:61:02:be
                7a:1d:fd:79:e2:10:07:8c:17:c7:f4:4c:e8:87:4d:a0
                40:d8:1f:37:73:75:82:f0:22:b1:bd:25:5b:89:4b:bc
                bf:f4:4c:4a:6d:30:12:0c:65:16:b4:58:7c:2a:f6:0e
                68:82:fe:98:30:9e:79:71:2b:52:6f:c8:3e:fb:0d:9d
                a4:d1:91:8d:09:1d:be:f0:67:41:c4:3a:97:35:77:49
                3a:af:0e:b6:53:23:08:d4:72:58:9c:7e:50:64:c1:d6
                0c:cc:27:74:62:33:39:e3:81:f2:de:40:77:af:ce:93
                3c:09:83:49:97:49:7a:b8:eb:4a:7b:2c:6d:bd:ff:45
                cc:75:4a:04:7c:75:b6:60:44:d9:65:2b:02:bc:25:9d
                72:cc:5f:df:2e:14:b3:9a:cc:e0:e3:56:11:ea:76:92
                37:44:b3:4b:f7:70:68:48:c0:38:4c:e7:d9:06:8b:30
                a0:f3:df:1c:50:f7:25:8b:ae:6f:80:67:eb:e2:ec:96
                11:91:4c:d0:20:0f:45:c6:92:1a:c1:ae:89:d4:58:b7
                39:7e:db:1d:8a:2e:f3:dd:09:38:a7:0d:a6:1a:80:42
                a1:23:fc:5b:94:3b:01:f1:86:88:cf:ec:f5:90:8f:70
                83:46:42:15:70:5e:e7:ea:b2:00:93:6c:73:41:b9:c9
                9e:44:58:1d:f2:42:ea:95:5f:2d:23:27:55:06:5b:a5
                fe:1f:8a:52:52:df:54:ce:d2:7c:38:1b:a7:a0:18:d7
                15:f5:2a:c6:75:d1:0e:70:77:fd:c4:56:a4:9d:39:57
                3a:12:60:37:d4:41:fe:ec:f4:71:f0:71:ca:7d:48:77
                a4:9b:76:c5:f0:30:dc:ef:c1:49:42:7c:02:75:c9:a9
                2c:30:42:b8:fb:2d:0f:58:8a:fb:6b:c5:32:5a:1f:c2
                3a:9c:52:45:75:dd:a8:30:ae:d0:d6:98:9e:1e:e1:6d
                ba:8c:8c:c6:19:f4:a8:0c:88:fd:70:4f:fb:b1:e4:bf
                4e:4b:fc:cc:a7:60:4f:1a:5d:bf:0a:13:da:e6:f3:61
                e1:59:ac:95:36:8a:1e:14:d1:cf:fe:67:cf:90:1c:0c
                51:ae:09:fa:1d:6c:b0:2f:63:ae:ae:e1:3c:2b:51:5c

** Note: You may use '--sec-param High' instead of '--bits 4096'
Generating a 4096 bit RSA private key...
Generating a signed certificate...

Expiration time: Tue Apr 14 18:35:47 2020
CA expiration time: Tue Apr 14 18:35:44 2020
Warning: The time set exceeds the CA's expiration time
X.509 Certificate Information:
        Version: 3
        Serial Number (hex): 5cb4b2e335a7be0074dd2c50
        Validity:
                Not Before: Mon Apr 15 16:35:47 UTC 2019
                Not After: Tue Apr 14 16:35:47 UTC 2020
        Subject: CN=0.0.0.0:53589,O=Göteborg Bit Factory
        Subject Public Key Algorithm: RSA
        Algorithm Security Level: High (4096 bits)
                Modulus (bits 4096):
                        00:ca:58:66:64:c6:72:e0:60:dc:02:82:3a:f1:c1:21
                        3e:96:80:1a:1a:d5:4e:52:a5:0c:23:ce:b7:8c:0e:44
                        f1:84:5a:5c:37:35:be:ae:92:50:b1:1c:c9:50:82:4f
                        87:30:7e:c7:ba:ef:de:80:08:47:24:e2:2d:1f:06:0d
                        90:87:e9:ff:c7:ee:b7:33:46:a8:47:8e:5a:de:d7:55
                        47:1d:8f:93:ee:48:60:f8:0a:8d:9b:1f:a3:c7:dc:ef
                        76:8f:21:21:4e:65:0c:e7:7a:52:b0:01:b2:fc:c0:e0
                        21:ac:1a:6b:06:6e:df:0e:ab:03:de:89:a3:bd:c7:b8
                        42:21:a3:44:5a:32:25:3e:aa:49:8a:ae:28:46:88:fd
                        3c:39:82:e7:51:8d:78:ed:24:e6:02:52:4d:21:23:49
                        3f:32:b4:1f:6e:be:6c:26:0e:61:6f:13:c5:6f:bb:34
                        b1:d3:e5:63:81:d2:72:d9:ae:c8:72:72:77:7a:ce:69
                        5a:0d:da:4d:15:73:a8:9a:4d:6d:17:c0:cc:08:58:18
                        e6:71:8f:87:40:19:86:0a:ef:32:16:ec:a5:13:18:56
                        79:d7:c4:49:a0:d0:2f:f5:44:76:b2:5c:4a:5e:ee:7c
                        4e:1d:b1:65:fd:1a:6c:ab:47:15:67:8b:6d:24:21:17
                        ce:6f:6a:3d:e9:65:0c:fd:88:e9:59:f3:6b:c5:03:3a
                        09:4e:b8:aa:8a:01:b5:da:82:b7:03:8c:b8:9e:38:b4
                        a4:03:52:68:84:c2:c8:d9:02:f0:66:06:a8:88:79:34
                        8d:de:ed:23:a3:9a:0e:75:0f:52:b5:4d:57:5c:d9:d9
                        7d:7c:9e:d4:a0:ec:6a:42:5c:10:84:a5:b6:0f:b3:f7
                        29:60:72:b0:f0:e5:f6:85:16:b5:bf:b0:70:fc:38:71
                        26:98:d2:64:15:33:bb:df:a7:34:ef:bc:31:dd:fb:db
                        d8:03:f4:02:1f:c3:ab:9e:1c:d1:03:61:6a:3e:cd:16
                        e6:0c:a3:83:49:75:87:0f:3a:c5:8a:5c:12:82:66:44
                        d1:bb:5c:bd:7e:21:0b:da:08:4c:3d:02:b0:66:06:ec
                        ce:cc:2e:7b:05:9b:64:bb:0c:a2:cd:d1:2a:d3:04:47
                        45:32:3f:c0:64:c6:02:67:66:0d:1b:e9:8a:e9:e2:67
                        5b:f4:72:16:94:85:62:9b:20:6c:69:ef:42:e9:a8:8c
                        ee:f6:62:86:f3:71:b8:9b:b4:c8:ba:6d:7a:1e:e6:26
                        eb:3f:12:0b:31:82:53:51:04:b0:cc:85:35:7b:11:86
                        08:8f:aa:50:13:ce:4d:db:6c:0b:42:95:0e:12:96:ee
                        e9
                Exponent (bits 24):
                        01:00:01
        Extensions:
                Basic Constraints (critical):
                        Certificate Authority (CA): FALSE
                Key Purpose (not critical):
                        TLS WWW Client.
                Key Usage (critical):
                        Digital signature.
                        Key encipherment.
                Subject Key Identifier (not critical):
                        cabcb5ef803f37bc3778f8f794dbf0cce835dd9e
                Authority Key Identifier (not critical):
                        ea850da65309f171879dfefedba6e6a5584ed7aa
Other Information:
        Public Key ID:
                cabcb5ef803f37bc3778f8f794dbf0cce835dd9e
        Public key's random art:
                +--[ RSA 4096]----+
                |                 |
                |                 |
                |                 |
                |                 |
                |        S        |
                |     o o        +|
                |      = o. o  .o=|
                |       +.o* + .X=|
                |      . o=+*.+oEB|
                +-----------------+



Signing certificate...
a@DESKTOP-2FVV54T:/usr/share/taskd/pki$ sudo cp /usr/share/taskd/pki/client.cert.pem /var/taskd
a@DESKTOP-2FVV54T:/usr/share/taskd/pki$ sudo cp /usr/share/taskd/pki/client.key.pem /var/taskd
a@DESKTOP-2FVV54T:/usr/share/taskd/pki$ sudo cp /usr/share/taskd/pki/server.cert.pem /var/taskd
a@DESKTOP-2FVV54T:/usr/share/taskd/pki$ sudo cp /usr/share/taskd/pki/server.key.pem /var/taskd
a@DESKTOP-2FVV54T:/usr/share/taskd/pki$ sudo cp /usr/share/taskd/pki/server.crl.pem /var/taskd
a@DESKTOP-2FVV54T:/usr/share/taskd/pki$ sudo cp /usr/share/taskd/pki/ca.cert.pem /var/taskd
a@DESKTOP-2FVV54T:/usr/share/taskd/pki$ sudo taskd config --force client.cert /var/taskd/client.cert.pem --data /var/taskd
Config file /var/taskd/config modified.
a@DESKTOP-2FVV54T:/usr/share/taskd/pki$ sudo taskd config --force client.key /var/taskd/client.key.pem --data /var/taskd
Config file /var/taskd/config modified.
a@DESKTOP-2FVV54T:/usr/share/taskd/pki$ sudo taskd config --force server.cert /var/taskd/server.c
ert.pem --data /var/taskd
Config file /var/taskd/config modified.
a@DESKTOP-2FVV54T:/usr/share/taskd/pki$ sudo taskd config --force server.key /var/taskd/server.key.pem --data /var/taskd
Config file /var/taskd/config modified.
a@DESKTOP-2FVV54T:/usr/share/taskd/pki$ sudo taskd config --force server.crl /var/taskd/server.crl.pem --data /var/taskd
Config file /var/taskd/config modified.
a@DESKTOP-2FVV54T:/usr/share/taskd/pki$ sudo taskd config --force ca.cert /var/taskd/ca.cert.pem
--data /var/taskd
Config file /var/taskd/config modified.
a@DESKTOP-2FVV54T:/usr/share/taskd/pki$ cd /var/taskd
a@DESKTOP-2FVV54T:/var/taskd$ sudo taskd config --force log /var/taskd/taskd.log --data /var/taskd
Config file /var/taskd/config modified.
a@DESKTOP-2FVV54T:/var/taskd$ sudo taskd config --force pid.file /var/taskd/taskd.pid --data /var
/taskd
Config file /var/taskd/config modified.
a@DESKTOP-2FVV54T:/var/taskd$ sudo taskd config --force server 0.0.0.0:53589 --data /var/taskd
Config file /var/taskd/config modified.
a@DESKTOP-2FVV54T:/var/taskd$ task add description 1
A configuration file could not be found in

Would you like a sample /home/a/.taskrc created, so Taskwarrior can proceed? (yes/no) y
Created task 1.
a@DESKTOP-2FVV54T:/var/taskd$ sudo task add org Public --data /var/taskd
Created task 2.
a@DESKTOP-2FVV54T:/var/taskd$ sudo taskd add org Public --data /var/taskd
Created organization 'Public'
a@DESKTOP-2FVV54T:/var/taskd$ sudo taskd add user Public First --data /var/taskd
New user key: 525b0b9b-5bf1-4fd6-bc7e-f33736f95f4f
Created user 'First' for organization 'Public'
a@DESKTOP-2FVV54T:/var/taskd$ cd /usr/share/taskd/pki
a@DESKTOP-2FVV54T:/usr/share/taskd/pki$ sudo /usr/taskd/share/taskd/pki/generate.client First
sudo: /usr/taskd/share/taskd/pki/generate.client: command not found
a@DESKTOP-2FVV54T:/usr/share/taskd/pki$ sudo /usr/share/taskd/pki/generate.client First
** Note: You may use '--sec-param High' instead of '--bits 4096'
Generating a 4096 bit RSA private key...
Generating a signed certificate...

Expiration time: Tue Apr 14 18:43:13 2020
CA expiration time: Tue Apr 14 18:35:44 2020
Warning: The time set exceeds the CA's expiration time
X.509 Certificate Information:
        Version: 3
        Serial Number (hex): 5cb4b4a10da753e8d578da58
        Validity:
                Not Before: Mon Apr 15 16:43:13 UTC 2019
                Not After: Tue Apr 14 16:43:13 UTC 2020
        Subject: CN=0.0.0.0:53589,O=Göteborg Bit Factory
        Subject Public Key Algorithm: RSA
        Algorithm Security Level: High (4096 bits)
                Modulus (bits 4096):
                        00:e3:a9:a2:fc:df:ea:5b:56:95:69:70:62:4c:c5:2b
                        90:53:7c:bf:8a:a1:23:e4:44:b4:98:73:01:ce:7c:7a
                        72:a4:fd:eb:e9:5f:23:b8:46:d7:fc:b1:1e:d6:5c:96
                        ce:7c:91:e7:e6:5f:69:bf:b3:45:91:d5:33:4e:28:a9
                        ee:d6:40:65:d8:b8:fd:17:47:46:4d:04:c4:57:84:c8
                        e5:e9:91:50:78:dd:78:a7:ff:ae:49:e2:d4:1d:57:72
                        4e:f8:a1:f8:b1:99:79:1d:df:06:14:8f:08:50:3e:17
                        77:2c:ae:37:da:1b:de:a9:ea:f1:e3:1f:b3:44:58:9a
                        35:4c:a3:31:b6:a4:3e:af:92:0f:2d:34:8c:fb:f7:fc
                        db:ca:85:2e:eb:e5:04:13:c8:e1:5a:75:c9:fe:ce:c0
                        b2:2b:11:7f:01:01:e4:e2:18:26:d4:61:39:fb:9b:80
                        9e:18:84:a6:5b:4c:da:8c:71:98:08:b9:e2:21:8d:a9
                        ef:5d:b7:12:9d:a5:76:1d:2f:63:41:c1:25:35:84:68
                        ac:4a:da:b4:d1:56:d5:75:41:d5:42:c6:49:99:dd:78
                        51:2a:1c:65:5e:bf:72:ed:2f:a6:25:a0:8b:1d:e9:50
                        f1:a2:fe:57:bd:a8:2b:17:cc:1f:a2:db:ca:fc:8f:d3
                        b5:81:70:61:ae:af:bd:ad:3e:13:f1:e1:fd:7d:fa:60
                        c4:70:ea:6a:eb:7e:91:d3:96:c7:89:40:33:98:f4:52
                        bb:e5:35:f9:f9:06:ff:75:85:93:f0:f4:4e:aa:b3:4e
                        39:0e:9c:71:ac:bb:07:a9:17:47:c5:49:ee:8c:2d:28
                        b5:fc:0f:8d:78:b6:1e:e0:4d:95:4e:df:4e:89:aa:6f
                        d8:55:83:cb:2a:6a:b9:9c:99:c6:6d:47:a3:6b:dc:62
                        7a:bc:91:5b:79:ce:4c:49:9e:4f:d7:eb:fb:93:4e:e1
                        7d:d3:ce:83:36:fb:77:b3:27:e4:66:3c:0c:8a:17:db
                        3e:e3:0c:0e:db:93:96:d3:f1:f9:0a:1e:dd:9b:ea:83
                        f2:2a:79:f6:67:24:87:8d:4c:b9:04:23:b2:17:aa:6e
                        33:f6:33:bf:ad:0a:51:4c:84:a6:0c:68:95:18:85:c6
                        2b:d1:89:1a:ae:c2:e9:d9:13:72:30:08:e3:eb:f7:80
                        d6:b8:12:cc:0e:32:37:43:45:a2:7e:0a:f1:ba:34:09
                        da:1f:e5:66:14:e2:78:49:3f:51:7c:51:f6:9c:e7:48
                        cb:72:ff:ea:1d:1b:70:eb:b6:0b:f3:44:fb:ed:7b:fa
                        19:16:5d:a8:99:c7:36:5f:51:cd:8b:55:a0:da:c3:b3
                        67
                Exponent (bits 24):
                        01:00:01
        Extensions:
                Basic Constraints (critical):
                        Certificate Authority (CA): FALSE
                Key Purpose (not critical):
                        TLS WWW Client.
                Key Usage (critical):
                        Digital signature.
                        Key encipherment.
                Subject Key Identifier (not critical):
                        86032e1ff55426926d163e3aec3b9313fa89cfe4
                Authority Key Identifier (not critical):
                        ea850da65309f171879dfefedba6e6a5584ed7aa
Other Information:
        Public Key ID:
                86032e1ff55426926d163e3aec3b9313fa89cfe4
        Public key's random art:
                +--[ RSA 4096]----+
                |      .oo.o      |
                |      .o++       |
                |    . .o+        |
                |   . + = .       |
                |  . o * S        |
                |   o o.+         |
                |    ..oo         |
                |    .==o         |
                |    .oE+         |
                +-----------------+



Signing certificate...
a@DESKTOP-2FVV54T:/usr/share/taskd/pki$ sudo cp /usr/share/taskd/pki/First.cert.pem /home/a/.task
a@DESKTOP-2FVV54T:/usr/share/taskd/pki$ sudo cp /usr/share/taskd/pki/First.key.pem /home/a/.task
a@DESKTOP-2FVV54T:/usr/share/taskd/pki$ sudo cp /usr/share/taskd/pki/ca.cert.pem /home/a/.task
a@DESKTOP-2FVV54T:/usr/share/taskd/pki$ sudo task config taskd.certificate -- /home/a/.task/First.cert.pem
Are you sure you want to add 'taskd.certificate' with a value of '/home/a/.task/First.cert.pem'? (yes/no) y
Config file /home/a/.taskrc modified.
a@DESKTOP-2FVV54T:/usr/share/taskd/pki$ sudo task config taskd.key -- /home/a/.task/First.key.pem
Are you sure you want to add 'taskd.key' with a value of '/home/a/.task/First.key.pem'? (yes/no) y
Config file /home/a/.taskrc modified.
a@DESKTOP-2FVV54T:/usr/share/taskd/pki$ sudo task config taskd.ca -- /home/a/.task/ca.cert.pem
Are you sure you want to add 'taskd.ca' with a value of '/home/a/.task/ca.cert.pem'? (yes/no) y
Config file /home/a/.taskrc modified.
a@DESKTOP-2FVV54T:/usr/share/taskd/pki$ yes | sudo task config taskd.server -- 0.0.0.0:53589
Are you sure you want to add 'taskd.server' with a value of '0.0.0.0:53589'? (yes/no) Config file /home/a/.taskrc modified.
a@DESKTOP-2FVV54T:/usr/share/taskd/pki$ yes | sudo task config taskd.credentials -- Public/First/
TwUuid:525b0b9b-5bf1-4fd6-bc7e-f33736f95f4f
Are you sure you want to add 'taskd.credentials' with a value of 'Public/First/TwUuid:525b0b9b-5bf1-4fd6-bc7e-f33736f95f4f'? (yes/no) Config file /home/a/.taskrc modified.
a@DESKTOP-2FVV54T:/usr/share/taskd/pki$ yes | sudo task config taskd.credentials -- Public/First/525b0b9b-5bf1-4fd6-bc7e-f33736f95f4f
Are you sure you want to change the value of 'taskd.credentials' from 'Public/First/TwUuid:525b0b9b-5bf1-4fd6-bc7e-f33736f95f4f' to 'Public/First/525b0b9b-5bf1-4fd6-bc7e-f33736f95f4f'? (yes/no) Config file /home/a/.taskrc modified.
a@DESKTOP-2FVV54T:/usr/share/taskd/pki$ taskdctl start
/usr/bin/taskdctl start: daemon started
a@DESKTOP-2FVV54T:/usr/share/taskd/pki$ sudo task sync init
Please confirm that you wish to upload all your pending tasks to the Taskserver (yes/no) y
Syncing with 0.0.0.0:53589

Could not connect to 0.0.0.0 53589
Sync failed.  Could not connect to the Taskserver.
a@DESKTOP-2FVV54T:/usr/share/taskd/pki$ sudo task config taskd.trust -- ignore hostname
Are you sure you want to add 'taskd.trust' with a value of 'ignore hostname'? (yes/no) y
Config file /home/a/.taskrc modified.
a@DESKTOP-2FVV54T:/usr/share/taskd/pki$ taskdctl stop
/usr/bin/taskdctl stop: daemon (no pid file) not running
a@DESKTOP-2FVV54T:/usr/share/taskd/pki$ sudo -s
root@DESKTOP-2FVV54T:/usr/share/taskd/pki# taskdctl start
The TASKDDATA variable must be set.
root@DESKTOP-2FVV54T:/usr/share/taskd/pki# export TASKDDATA=/var/taskd
root@DESKTOP-2FVV54T:/usr/share/taskd/pki# taskdctl start
/usr/bin/taskdctl start: daemon started
root@DESKTOP-2FVV54T:/usr/share/taskd/pki# echo $TASKDDATA
/var/taskd
root@DESKTOP-2FVV54T:/usr/share/taskd/pki# sudo task sync init
Please confirm that you wish to upload all your pending tasks to the Taskserver (yes/no) y
Syncing with 0.0.0.0:53589

Sync successful.  2 changes uploaded.
root@DESKTOP-2FVV54T:/usr/share/taskd/pki#